13:07:46 **** Build of configuration Debug for project nucleo-f401re ****
make -j4 all 
arm-none-eabi-gcc "/home/marco/eclipse-workspace/myos/project/source/myos/portable/ui/uileds/uileds.c" -mcpu=cortex-m4 -std=gnu11 -g3 -DDEBUG -DUSE_HAL_DRIVER -DSTM32F401xE -c -I../Core/Inc -I"/home/marco/eclipse-workspace/myos/project/source/myos/arch/stm32_hal" -I"/home/marco/eclipse-workspace/myos/project/source/myos/portable/lib" -I"/home/marco/eclipse-workspace/myos/project/source/myos/portable/os" -I"/home/marco/eclipse-workspace/myos/project/source/myos/portable/ui/uileds" -I../Drivers/STM32F4xx_HAL_Driver/Inc -I../Drivers/STM32F4xx_HAL_Driver/Inc/Legacy -I../Drivers/CMSIS/Device/ST/STM32F4xx/Include -I../Drivers/CMSIS/Include -Os -ffunction-sections -fdata-sections -Wall -fstack-usage -MMD -MP -MF"MyOs/portable/ui/uileds/uileds.d" -MT"MyOs/portable/ui/uileds/uileds.o" --specs=nano.specs -mfpu=fpv4-sp-d16 -mfloat-abi=hard -mthumb -o "MyOs/portable/ui/uileds/uileds.o"
arm-none-eabi-gcc "/home/marco/eclipse-workspace/myos/project/source/myos/portable/ui/uileds/uileds_patterns.c" -mcpu=cortex-m4 -std=gnu11 -g3 -DDEBUG -DUSE_HAL_DRIVER -DSTM32F401xE -c -I../Core/Inc -I"/home/marco/eclipse-workspace/myos/project/source/myos/arch/stm32_hal" -I"/home/marco/eclipse-workspace/myos/project/source/myos/portable/lib" -I"/home/marco/eclipse-workspace/myos/project/source/myos/portable/os" -I"/home/marco/eclipse-workspace/myos/project/source/myos/portable/ui/uileds" -I../Drivers/STM32F4xx_HAL_Driver/Inc -I../Drivers/STM32F4xx_HAL_Driver/Inc/Legacy -I../Drivers/CMSIS/Device/ST/STM32F4xx/Include -I../Drivers/CMSIS/Include -Os -ffunction-sections -fdata-sections -Wall -fstack-usage -MMD -MP -MF"MyOs/portable/ui/uileds/uileds_patterns.d" -MT"MyOs/portable/ui/uileds/uileds_patterns.o" --specs=nano.specs -mfpu=fpv4-sp-d16 -mfloat-abi=hard -mthumb -o "MyOs/portable/ui/uileds/uileds_patterns.o"
arm-none-eabi-gcc "/home/marco/eclipse-workspace/myos/project/source/myos/portable/ui/uileds/uileds_process.c" -mcpu=cortex-m4 -std=gnu11 -g3 -DDEBUG -DUSE_HAL_DRIVER -DSTM32F401xE -c -I../Core/Inc -I"/home/marco/eclipse-workspace/myos/project/source/myos/arch/stm32_hal" -I"/home/marco/eclipse-workspace/myos/project/source/myos/portable/lib" -I"/home/marco/eclipse-workspace/myos/project/source/myos/portable/os" -I"/home/marco/eclipse-workspace/myos/project/source/myos/portable/ui/uileds" -I../Drivers/STM32F4xx_HAL_Driver/Inc -I../Drivers/STM32F4xx_HAL_Driver/Inc/Legacy -I../Drivers/CMSIS/Device/ST/STM32F4xx/Include -I../Drivers/CMSIS/Include -Os -ffunction-sections -fdata-sections -Wall -fstack-usage -MMD -MP -MF"MyOs/portable/ui/uileds/uileds_process.d" -MT"MyOs/portable/ui/uileds/uileds_process.o" --specs=nano.specs -mfpu=fpv4-sp-d16 -mfloat-abi=hard -mthumb -o "MyOs/portable/ui/uileds/uileds_process.o"
arm-none-eabi-gcc "/home/marco/eclipse-workspace/myos/project/source/myos/portable/os/ctimer.c" -mcpu=cortex-m4 -std=gnu11 -g3 -DDEBUG -DUSE_HAL_DRIVER -DSTM32F401xE -c -I../Core/Inc -I"/home/marco/eclipse-workspace/myos/project/source/myos/arch/stm32_hal" -I"/home/marco/eclipse-workspace/myos/project/source/myos/portable/lib" -I"/home/marco/eclipse-workspace/myos/project/source/myos/portable/os" -I"/home/marco/eclipse-workspace/myos/project/source/myos/portable/ui/uileds" -I../Drivers/STM32F4xx_HAL_Driver/Inc -I../Drivers/STM32F4xx_HAL_Driver/Inc/Legacy -I../Drivers/CMSIS/Device/ST/STM32F4xx/Include -I../Drivers/CMSIS/Include -Os -ffunction-sections -fdata-sections -Wall -fstack-usage -MMD -MP -MF"MyOs/portable/os/ctimer.d" -MT"MyOs/portable/os/ctimer.o" --specs=nano.specs -mfpu=fpv4-sp-d16 -mfloat-abi=hard -mthumb -o "MyOs/portable/os/ctimer.o"
arm-none-eabi-gcc "/home/marco/eclipse-workspace/myos/project/source/myos/portable/os/etimer.c" -mcpu=cortex-m4 -std=gnu11 -g3 -DDEBUG -DUSE_HAL_DRIVER -DSTM32F401xE -c -I../Core/Inc -I"/home/marco/eclipse-workspace/myos/project/source/myos/arch/stm32_hal" -I"/home/marco/eclipse-workspace/myos/project/source/myos/portable/lib" -I"/home/marco/eclipse-workspace/myos/project/source/myos/portable/os" -I"/home/marco/eclipse-workspace/myos/project/source/myos/portable/ui/uileds" -I../Drivers/STM32F4xx_HAL_Driver/Inc -I../Drivers/STM32F4xx_HAL_Driver/Inc/Legacy -I../Drivers/CMSIS/Device/ST/STM32F4xx/Include -I../Drivers/CMSIS/Include -Os -ffunction-sections -fdata-sections -Wall -fstack-usage -MMD -MP -MF"MyOs/portable/os/etimer.d" -MT"MyOs/portable/os/etimer.o" --specs=nano.specs -mfpu=fpv4-sp-d16 -mfloat-abi=hard -mthumb -o "MyOs/portable/os/etimer.o"
arm-none-eabi-gcc "/home/marco/eclipse-workspace/myos/project/source/myos/portable/os/myos.c" -mcpu=cortex-m4 -std=gnu11 -g3 -DDEBUG -DUSE_HAL_DRIVER -DSTM32F401xE -c -I../Core/Inc -I"/home/marco/eclipse-workspace/myos/project/source/myos/arch/stm32_hal" -I"/home/marco/eclipse-workspace/myos/project/source/myos/portable/lib" -I"/home/marco/eclipse-workspace/myos/project/source/myos/portable/os" -I"/home/marco/eclipse-workspace/myos/project/source/myos/portable/ui/uileds" -I../Drivers/STM32F4xx_HAL_Driver/Inc -I../Drivers/STM32F4xx_HAL_Driver/Inc/Legacy -I../Drivers/CMSIS/Device/ST/STM32F4xx/Include -I../Drivers/CMSIS/Include -Os -ffunction-sections -fdata-sections -Wall -fstack-usage -MMD -MP -MF"MyOs/portable/os/myos.d" -MT"MyOs/portable/os/myos.o" --specs=nano.specs -mfpu=fpv4-sp-d16 -mfloat-abi=hard -mthumb -o "MyOs/portable/os/myos.o"
arm-none-eabi-gcc "/home/marco/eclipse-workspace/myos/project/source/myos/portable/os/process.c" -mcpu=cortex-m4 -std=gnu11 -g3 -DDEBUG -DUSE_HAL_DRIVER -DSTM32F401xE -c -I../Core/Inc -I"/home/marco/eclipse-workspace/myos/project/source/myos/arch/stm32_hal" -I"/home/marco/eclipse-workspace/myos/project/source/myos/portable/lib" -I"/home/marco/eclipse-workspace/myos/project/source/myos/portable/os" -I"/home/marco/eclipse-workspace/myos/project/source/myos/portable/ui/uileds" -I../Drivers/STM32F4xx_HAL_Driver/Inc -I../Drivers/STM32F4xx_HAL_Driver/Inc/Legacy -I../Drivers/CMSIS/Device/ST/STM32F4xx/Include -I../Drivers/CMSIS/Include -Os -ffunction-sections -fdata-sections -Wall -fstack-usage -MMD -MP -MF"MyOs/portable/os/process.d" -MT"MyOs/portable/os/process.o" --specs=nano.specs -mfpu=fpv4-sp-d16 -mfloat-abi=hard -mthumb -o "MyOs/portable/os/process.o"
arm-none-eabi-gcc "/home/marco/eclipse-workspace/myos/project/source/myos/portable/os/ptimer.c" -mcpu=cortex-m4 -std=gnu11 -g3 -DDEBUG -DUSE_HAL_DRIVER -DSTM32F401xE -c -I../Core/Inc -I"/home/marco/eclipse-workspace/myos/project/source/myos/arch/stm32_hal" -I"/home/marco/eclipse-workspace/myos/project/source/myos/portable/lib" -I"/home/marco/eclipse-workspace/myos/project/source/myos/portable/os" -I"/home/marco/eclipse-workspace/myos/project/source/myos/portable/ui/uileds" -I../Drivers/STM32F4xx_HAL_Driver/Inc -I../Drivers/STM32F4xx_HAL_Driver/Inc/Legacy -I../Drivers/CMSIS/Device/ST/STM32F4xx/Include -I../Drivers/CMSIS/Include -Os -ffunction-sections -fdata-sections -Wall -fstack-usage -MMD -MP -MF"MyOs/portable/os/ptimer.d" -MT"MyOs/portable/os/ptimer.o" --specs=nano.specs -mfpu=fpv4-sp-d16 -mfloat-abi=hard -mthumb -o "MyOs/portable/os/ptimer.o"
arm-none-eabi-gcc "/home/marco/eclipse-workspace/myos/project/source/myos/portable/os/rtimer.c" -mcpu=cortex-m4 -std=gnu11 -g3 -DDEBUG -DUSE_HAL_DRIVER -DSTM32F401xE -c -I../Core/Inc -I"/home/marco/eclipse-workspace/myos/project/source/myos/arch/stm32_hal" -I"/home/marco/eclipse-workspace/myos/project/source/myos/portable/lib" -I"/home/marco/eclipse-workspace/myos/project/source/myos/portable/os" -I"/home/marco/eclipse-workspace/myos/project/source/myos/portable/ui/uileds" -I../Drivers/STM32F4xx_HAL_Driver/Inc -I../Drivers/STM32F4xx_HAL_Driver/Inc/Legacy -I../Drivers/CMSIS/Device/ST/STM32F4xx/Include -I../Drivers/CMSIS/Include -Os -ffunction-sections -fdata-sections -Wall -fstack-usage -MMD -MP -MF"MyOs/portable/os/rtimer.d" -MT"MyOs/portable/os/rtimer.o" --specs=nano.specs -mfpu=fpv4-sp-d16 -mfloat-abi=hard -mthumb -o "MyOs/portable/os/rtimer.o"
arm-none-eabi-gcc "/home/marco/eclipse-workspace/myos/project/source/myos/portable/os/timer.c" -mcpu=cortex-m4 -std=gnu11 -g3 -DDEBUG -DUSE_HAL_DRIVER -DSTM32F401xE -c -I../Core/Inc -I"/home/marco/eclipse-workspace/myos/project/source/myos/arch/stm32_hal" -I"/home/marco/eclipse-workspace/myos/project/source/myos/portable/lib" -I"/home/marco/eclipse-workspace/myos/project/source/myos/portable/os" -I"/home/marco/eclipse-workspace/myos/project/source/myos/portable/ui/uileds" -I../Drivers/STM32F4xx_HAL_Driver/Inc -I../Drivers/STM32F4xx_HAL_Driver/Inc/Legacy -I../Drivers/CMSIS/Device/ST/STM32F4xx/Include -I../Drivers/CMSIS/Include -Os -ffunction-sections -fdata-sections -Wall -fstack-usage -MMD -MP -MF"MyOs/portable/os/timer.d" -MT"MyOs/portable/os/timer.o" --specs=nano.specs -mfpu=fpv4-sp-d16 -mfloat-abi=hard -mthumb -o "MyOs/portable/os/timer.o"
arm-none-eabi-gcc "/home/marco/eclipse-workspace/myos/project/source/myos/portable/lib/dlist.c" -mcpu=cortex-m4 -std=gnu11 -g3 -DDEBUG -DUSE_HAL_DRIVER -DSTM32F401xE -c -I../Core/Inc -I"/home/marco/eclipse-workspace/myos/project/source/myos/arch/stm32_hal" -I"/home/marco/eclipse-workspace/myos/project/source/myos/portable/lib" -I"/home/marco/eclipse-workspace/myos/project/source/myos/portable/os" -I"/home/marco/eclipse-workspace/myos/project/source/myos/portable/ui/uileds" -I../Drivers/STM32F4xx_HAL_Driver/Inc -I../Drivers/STM32F4xx_HAL_Driver/Inc/Legacy -I../Drivers/CMSIS/Device/ST/STM32F4xx/Include -I../Drivers/CMSIS/Include -Os -ffunction-sections -fdata-sections -Wall -fstack-usage -MMD -MP -MF"MyOs/portable/lib/dlist.d" -MT"MyOs/portable/lib/dlist.o" --specs=nano.specs -mfpu=fpv4-sp-d16 -mfloat-abi=hard -mthumb -o "MyOs/portable/lib/dlist.o"
arm-none-eabi-gcc "/home/marco/eclipse-workspace/myos/project/source/myos/portable/lib/hash_sdbm.c" -mcpu=cortex-m4 -std=gnu11 -g3 -DDEBUG -DUSE_HAL_DRIVER -DSTM32F401xE -c -I../Core/Inc -I"/home/marco/eclipse-workspace/myos/project/source/myos/arch/stm32_hal" -I"/home/marco/eclipse-workspace/myos/project/source/myos/portable/lib" -I"/home/marco/eclipse-workspace/myos/project/source/myos/portable/os" -I"/home/marco/eclipse-workspace/myos/project/source/myos/portable/ui/uileds" -I../Drivers/STM32F4xx_HAL_Driver/Inc -I../Drivers/STM32F4xx_HAL_Driver/Inc/Legacy -I../Drivers/CMSIS/Device/ST/STM32F4xx/Include -I../Drivers/CMSIS/Include -Os -ffunction-sections -fdata-sections -Wall -fstack-usage -MMD -MP -MF"MyOs/portable/lib/hash_sdbm.d" -MT"MyOs/portable/lib/hash_sdbm.o" --specs=nano.specs -mfpu=fpv4-sp-d16 -mfloat-abi=hard -mthumb -o "MyOs/portable/lib/hash_sdbm.o"
arm-none-eabi-gcc "/home/marco/eclipse-workspace/myos/project/source/myos/portable/lib/itempool.c" -mcpu=cortex-m4 -std=gnu11 -g3 -DDEBUG -DUSE_HAL_DRIVER -DSTM32F401xE -c -I../Core/Inc -I"/home/marco/eclipse-workspace/myos/project/source/myos/arch/stm32_hal" -I"/home/marco/eclipse-workspace/myos/project/source/myos/portable/lib" -I"/home/marco/eclipse-workspace/myos/project/source/myos/portable/os" -I"/home/marco/eclipse-workspace/myos/project/source/myos/portable/ui/uileds" -I../Drivers/STM32F4xx_HAL_Driver/Inc -I../Drivers/STM32F4xx_HAL_Driver/Inc/Legacy -I../Drivers/CMSIS/Device/ST/STM32F4xx/Include -I../Drivers/CMSIS/Include -Os -ffunction-sections -fdata-sections -Wall -fstack-usage -MMD -MP -MF"MyOs/portable/lib/itempool.d" -MT"MyOs/portable/lib/itempool.o" --specs=nano.specs -mfpu=fpv4-sp-d16 -mfloat-abi=hard -mthumb -o "MyOs/portable/lib/itempool.o"
arm-none-eabi-gcc "/home/marco/eclipse-workspace/myos/project/source/myos/portable/lib/slist.c" -mcpu=cortex-m4 -std=gnu11 -g3 -DDEBUG -DUSE_HAL_DRIVER -DSTM32F401xE -c -I../Core/Inc -I"/home/marco/eclipse-workspace/myos/project/source/myos/arch/stm32_hal" -I"/home/marco/eclipse-workspace/myos/project/source/myos/portable/lib" -I"/home/marco/eclipse-workspace/myos/project/source/myos/portable/os" -I"/home/marco/eclipse-workspace/myos/project/source/myos/portable/ui/uileds" -I../Drivers/STM32F4xx_HAL_Driver/Inc -I../Drivers/STM32F4xx_HAL_Driver/Inc/Legacy -I../Drivers/CMSIS/Device/ST/STM32F4xx/Include -I../Drivers/CMSIS/Include -Os -ffunction-sections -fdata-sections -Wall -fstack-usage -MMD -MP -MF"MyOs/portable/lib/slist.d" -MT"MyOs/portable/lib/slist.o" --specs=nano.specs -mfpu=fpv4-sp-d16 -mfloat-abi=hard -mthumb -o "MyOs/portable/lib/slist.o"
arm-none-eabi-gcc "/home/marco/eclipse-workspace/myos/project/source/myos/arch/stm32_hal/timestamp_arch.c" -mcpu=cortex-m4 -std=gnu11 -g3 -DDEBUG -DUSE_HAL_DRIVER -DSTM32F401xE -c -I../Core/Inc -I"/home/marco/eclipse-workspace/myos/project/source/myos/arch/stm32_hal" -I"/home/marco/eclipse-workspace/myos/project/source/myos/portable/lib" -I"/home/marco/eclipse-workspace/myos/project/source/myos/portable/os" -I"/home/marco/eclipse-workspace/myos/project/source/myos/portable/ui/uileds" -I../Drivers/STM32F4xx_HAL_Driver/Inc -I../Drivers/STM32F4xx_HAL_Driver/Inc/Legacy -I../Drivers/CMSIS/Device/ST/STM32F4xx/Include -I../Drivers/CMSIS/Include -Os -ffunction-sections -fdata-sections -Wall -fstack-usage -MMD -MP -MF"MyOs/arch/stm32_hal/timestamp_arch.d" -MT"MyOs/arch/stm32_hal/timestamp_arch.o" --specs=nano.specs -mfpu=fpv4-sp-d16 -mfloat-abi=hard -mthumb -o "MyOs/arch/stm32_hal/timestamp_arch.o"
arm-none-eabi-gcc "../Drivers/STM32F4xx_HAL_Driver/Src/stm32f4xx_hal.c" -mcpu=cortex-m4 -std=gnu11 -g3 -DDEBUG -DUSE_HAL_DRIVER -DSTM32F401xE -c -I../Core/Inc -I"/home/marco/eclipse-workspace/myos/project/source/myos/arch/stm32_hal" -I"/home/marco/eclipse-workspace/myos/project/source/myos/portable/lib" -I"/home/marco/eclipse-workspace/myos/project/source/myos/portable/os" -I"/home/marco/eclipse-workspace/myos/project/source/myos/portable/ui/uileds" -I../Drivers/STM32F4xx_HAL_Driver/Inc -I../Drivers/STM32F4xx_HAL_Driver/Inc/Legacy -I../Drivers/CMSIS/Device/ST/STM32F4xx/Include -I../Drivers/CMSIS/Include -Os -ffunction-sections -fdata-sections -Wall -fstack-usage -MMD -MP -MF"Drivers/STM32F4xx_HAL_Driver/Src/stm32f4xx_hal.d" -MT"Drivers/STM32F4xx_HAL_Driver/Src/stm32f4xx_hal.o" --specs=nano.specs -mfpu=fpv4-sp-d16 -mfloat-abi=hard -mthumb -o "Drivers/STM32F4xx_HAL_Driver/Src/stm32f4xx_hal.o"
arm-none-eabi-gcc "../Drivers/STM32F4xx_HAL_Driver/Src/stm32f4xx_hal_cortex.c" -mcpu=cortex-m4 -std=gnu11 -g3 -DDEBUG -DUSE_HAL_DRIVER -DSTM32F401xE -c -I../Core/Inc -I"/home/marco/eclipse-workspace/myos/project/source/myos/arch/stm32_hal" -I"/home/marco/eclipse-workspace/myos/project/source/myos/portable/lib" -I"/home/marco/eclipse-workspace/myos/project/source/myos/portable/os" -I"/home/marco/eclipse-workspace/myos/project/source/myos/portable/ui/uileds" -I../Drivers/STM32F4xx_HAL_Driver/Inc -I../Drivers/STM32F4xx_HAL_Driver/Inc/Legacy -I../Drivers/CMSIS/Device/ST/STM32F4xx/Include -I../Drivers/CMSIS/Include -Os -ffunction-sections -fdata-sections -Wall -fstack-usage -MMD -MP -MF"Drivers/STM32F4xx_HAL_Driver/Src/stm32f4xx_hal_cortex.d" -MT"Drivers/STM32F4xx_HAL_Driver/Src/stm32f4xx_hal_cortex.o" --specs=nano.specs -mfpu=fpv4-sp-d16 -mfloat-abi=hard -mthumb -o "Drivers/STM32F4xx_HAL_Driver/Src/stm32f4xx_hal_cortex.o"
arm-none-eabi-gcc "../Drivers/STM32F4xx_HAL_Driver/Src/stm32f4xx_hal_dma.c" -mcpu=cortex-m4 -std=gnu11 -g3 -DDEBUG -DUSE_HAL_DRIVER -DSTM32F401xE -c -I../Core/Inc -I"/home/marco/eclipse-workspace/myos/project/source/myos/arch/stm32_hal" -I"/home/marco/eclipse-workspace/myos/project/source/myos/portable/lib" -I"/home/marco/eclipse-workspace/myos/project/source/myos/portable/os" -I"/home/marco/eclipse-workspace/myos/project/source/myos/portable/ui/uileds" -I../Drivers/STM32F4xx_HAL_Driver/Inc -I../Drivers/STM32F4xx_HAL_Driver/Inc/Legacy -I../Drivers/CMSIS/Device/ST/STM32F4xx/Include -I../Drivers/CMSIS/Include -Os -ffunction-sections -fdata-sections -Wall -fstack-usage -MMD -MP -MF"Drivers/STM32F4xx_HAL_Driver/Src/stm32f4xx_hal_dma.d" -MT"Drivers/STM32F4xx_HAL_Driver/Src/stm32f4xx_hal_dma.o" --specs=nano.specs -mfpu=fpv4-sp-d16 -mfloat-abi=hard -mthumb -o "Drivers/STM32F4xx_HAL_Driver/Src/stm32f4xx_hal_dma.o"
arm-none-eabi-gcc "../Drivers/STM32F4xx_HAL_Driver/Src/stm32f4xx_hal_dma_ex.c" -mcpu=cortex-m4 -std=gnu11 -g3 -DDEBUG -DUSE_HAL_DRIVER -DSTM32F401xE -c -I../Core/Inc -I"/home/marco/eclipse-workspace/myos/project/source/myos/arch/stm32_hal" -I"/home/marco/eclipse-workspace/myos/project/source/myos/portable/lib" -I"/home/marco/eclipse-workspace/myos/project/source/myos/portable/os" -I"/home/marco/eclipse-workspace/myos/project/source/myos/portable/ui/uileds" -I../Drivers/STM32F4xx_HAL_Driver/Inc -I../Drivers/STM32F4xx_HAL_Driver/Inc/Legacy -I../Drivers/CMSIS/Device/ST/STM32F4xx/Include -I../Drivers/CMSIS/Include -Os -ffunction-sections -fdata-sections -Wall -fstack-usage -MMD -MP -MF"Drivers/STM32F4xx_HAL_Driver/Src/stm32f4xx_hal_dma_ex.d" -MT"Drivers/STM32F4xx_HAL_Driver/Src/stm32f4xx_hal_dma_ex.o" --specs=nano.specs -mfpu=fpv4-sp-d16 -mfloat-abi=hard -mthumb -o "Drivers/STM32F4xx_HAL_Driver/Src/stm32f4xx_hal_dma_ex.o"
arm-none-eabi-gcc "../Drivers/STM32F4xx_HAL_Driver/Src/stm32f4xx_hal_exti.c" -mcpu=cortex-m4 -std=gnu11 -g3 -DDEBUG -DUSE_HAL_DRIVER -DSTM32F401xE -c -I../Core/Inc -I"/home/marco/eclipse-workspace/myos/project/source/myos/arch/stm32_hal" -I"/home/marco/eclipse-workspace/myos/project/source/myos/portable/lib" -I"/home/marco/eclipse-workspace/myos/project/source/myos/portable/os" -I"/home/marco/eclipse-workspace/myos/project/source/myos/portable/ui/uileds" -I../Drivers/STM32F4xx_HAL_Driver/Inc -I../Drivers/STM32F4xx_HAL_Driver/Inc/Legacy -I../Drivers/CMSIS/Device/ST/STM32F4xx/Include -I../Drivers/CMSIS/Include -Os -ffunction-sections -fdata-sections -Wall -fstack-usage -MMD -MP -MF"Drivers/STM32F4xx_HAL_Driver/Src/stm32f4xx_hal_exti.d" -MT"Drivers/STM32F4xx_HAL_Driver/Src/stm32f4xx_hal_exti.o" --specs=nano.specs -mfpu=fpv4-sp-d16 -mfloat-abi=hard -mthumb -o "Drivers/STM32F4xx_HAL_Driver/Src/stm32f4xx_hal_exti.o"
arm-none-eabi-gcc "../Drivers/STM32F4xx_HAL_Driver/Src/stm32f4xx_hal_flash.c" -mcpu=cortex-m4 -std=gnu11 -g3 -DDEBUG -DUSE_HAL_DRIVER -DSTM32F401xE -c -I../Core/Inc -I"/home/marco/eclipse-workspace/myos/project/source/myos/arch/stm32_hal" -I"/home/marco/eclipse-workspace/myos/project/source/myos/portable/lib" -I"/home/marco/eclipse-workspace/myos/project/source/myos/portable/os" -I"/home/marco/eclipse-workspace/myos/project/source/myos/portable/ui/uileds" -I../Drivers/STM32F4xx_HAL_Driver/Inc -I../Drivers/STM32F4xx_HAL_Driver/Inc/Legacy -I../Drivers/CMSIS/Device/ST/STM32F4xx/Include -I../Drivers/CMSIS/Include -Os -ffunction-sections -fdata-sections -Wall -fstack-usage -MMD -MP -MF"Drivers/STM32F4xx_HAL_Driver/Src/stm32f4xx_hal_flash.d" -MT"Drivers/STM32F4xx_HAL_Driver/Src/stm32f4xx_hal_flash.o" --specs=nano.specs -mfpu=fpv4-sp-d16 -mfloat-abi=hard -mthumb -o "Drivers/STM32F4xx_HAL_Driver/Src/stm32f4xx_hal_flash.o"
arm-none-eabi-gcc "../Drivers/STM32F4xx_HAL_Driver/Src/stm32f4xx_hal_flash_ex.c" -mcpu=cortex-m4 -std=gnu11 -g3 -DDEBUG -DUSE_HAL_DRIVER -DSTM32F401xE -c -I../Core/Inc -I"/home/marco/eclipse-workspace/myos/project/source/myos/arch/stm32_hal" -I"/home/marco/eclipse-workspace/myos/project/source/myos/portable/lib" -I"/home/marco/eclipse-workspace/myos/project/source/myos/portable/os" -I"/home/marco/eclipse-workspace/myos/project/source/myos/portable/ui/uileds" -I../Drivers/STM32F4xx_HAL_Driver/Inc -I../Drivers/STM32F4xx_HAL_Driver/Inc/Legacy -I../Drivers/CMSIS/Device/ST/STM32F4xx/Include -I../Drivers/CMSIS/Include -Os -ffunction-sections -fdata-sections -Wall -fstack-usage -MMD -MP -MF"Drivers/STM32F4xx_HAL_Driver/Src/stm32f4xx_hal_flash_ex.d" -MT"Drivers/STM32F4xx_HAL_Driver/Src/stm32f4xx_hal_flash_ex.o" --specs=nano.specs -mfpu=fpv4-sp-d16 -mfloat-abi=hard -mthumb -o "Drivers/STM32F4xx_HAL_Driver/Src/stm32f4xx_hal_flash_ex.o"
arm-none-eabi-gcc "../Drivers/STM32F4xx_HAL_Driver/Src/stm32f4xx_hal_flash_ramfunc.c" -mcpu=cortex-m4 -std=gnu11 -g3 -DDEBUG -DUSE_HAL_DRIVER -DSTM32F401xE -c -I../Core/Inc -I"/home/marco/eclipse-workspace/myos/project/source/myos/arch/stm32_hal" -I"/home/marco/eclipse-workspace/myos/project/source/myos/portable/lib" -I"/home/marco/eclipse-workspace/myos/project/source/myos/portable/os" -I"/home/marco/eclipse-workspace/myos/project/source/myos/portable/ui/uileds" -I../Drivers/STM32F4xx_HAL_Driver/Inc -I../Drivers/STM32F4xx_HAL_Driver/Inc/Legacy -I../Drivers/CMSIS/Device/ST/STM32F4xx/Include -I../Drivers/CMSIS/Include -Os -ffunction-sections -fdata-sections -Wall -fstack-usage -MMD -MP -MF"Drivers/STM32F4xx_HAL_Driver/Src/stm32f4xx_hal_flash_ramfunc.d" -MT"Drivers/STM32F4xx_HAL_Driver/Src/stm32f4xx_hal_flash_ramfunc.o" --specs=nano.specs -mfpu=fpv4-sp-d16 -mfloat-abi=hard -mthumb -o "Drivers/STM32F4xx_HAL_Driver/Src/stm32f4xx_hal_flash_ramfunc.o"
arm-none-eabi-gcc "../Drivers/STM32F4xx_HAL_Driver/Src/stm32f4xx_hal_gpio.c" -mcpu=cortex-m4 -std=gnu11 -g3 -DDEBUG -DUSE_HAL_DRIVER -DSTM32F401xE -c -I../Core/Inc -I"/home/marco/eclipse-workspace/myos/project/source/myos/arch/stm32_hal" -I"/home/marco/eclipse-workspace/myos/project/source/myos/portable/lib" -I"/home/marco/eclipse-workspace/myos/project/source/myos/portable/os" -I"/home/marco/eclipse-workspace/myos/project/source/myos/portable/ui/uileds" -I../Drivers/STM32F4xx_HAL_Driver/Inc -I../Drivers/STM32F4xx_HAL_Driver/Inc/Legacy -I../Drivers/CMSIS/Device/ST/STM32F4xx/Include -I../Drivers/CMSIS/Include -Os -ffunction-sections -fdata-sections -Wall -fstack-usage -MMD -MP -MF"Drivers/STM32F4xx_HAL_Driver/Src/stm32f4xx_hal_gpio.d" -MT"Drivers/STM32F4xx_HAL_Driver/Src/stm32f4xx_hal_gpio.o" --specs=nano.specs -mfpu=fpv4-sp-d16 -mfloat-abi=hard -mthumb -o "Drivers/STM32F4xx_HAL_Driver/Src/stm32f4xx_hal_gpio.o"
arm-none-eabi-gcc "../Drivers/STM32F4xx_HAL_Driver/Src/stm32f4xx_hal_pwr.c" -mcpu=cortex-m4 -std=gnu11 -g3 -DDEBUG -DUSE_HAL_DRIVER -DSTM32F401xE -c -I../Core/Inc -I"/home/marco/eclipse-workspace/myos/project/source/myos/arch/stm32_hal" -I"/home/marco/eclipse-workspace/myos/project/source/myos/portable/lib" -I"/home/marco/eclipse-workspace/myos/project/source/myos/portable/os" -I"/home/marco/eclipse-workspace/myos/project/source/myos/portable/ui/uileds" -I../Drivers/STM32F4xx_HAL_Driver/Inc -I../Drivers/STM32F4xx_HAL_Driver/Inc/Legacy -I../Drivers/CMSIS/Device/ST/STM32F4xx/Include -I../Drivers/CMSIS/Include -Os -ffunction-sections -fdata-sections -Wall -fstack-usage -MMD -MP -MF"Drivers/STM32F4xx_HAL_Driver/Src/stm32f4xx_hal_pwr.d" -MT"Drivers/STM32F4xx_HAL_Driver/Src/stm32f4xx_hal_pwr.o" --specs=nano.specs -mfpu=fpv4-sp-d16 -mfloat-abi=hard -mthumb -o "Drivers/STM32F4xx_HAL_Driver/Src/stm32f4xx_hal_pwr.o"
arm-none-eabi-gcc "../Drivers/STM32F4xx_HAL_Driver/Src/stm32f4xx_hal_pwr_ex.c" -mcpu=cortex-m4 -std=gnu11 -g3 -DDEBUG -DUSE_HAL_DRIVER -DSTM32F401xE -c -I../Core/Inc -I"/home/marco/eclipse-workspace/myos/project/source/myos/arch/stm32_hal" -I"/home/marco/eclipse-workspace/myos/project/source/myos/portable/lib" -I"/home/marco/eclipse-workspace/myos/project/source/myos/portable/os" -I"/home/marco/eclipse-workspace/myos/project/source/myos/portable/ui/uileds" -I../Drivers/STM32F4xx_HAL_Driver/Inc -I../Drivers/STM32F4xx_HAL_Driver/Inc/Legacy -I../Drivers/CMSIS/Device/ST/STM32F4xx/Include -I../Drivers/CMSIS/Include -Os -ffunction-sections -fdata-sections -Wall -fstack-usage -MMD -MP -MF"Drivers/STM32F4xx_HAL_Driver/Src/stm32f4xx_hal_pwr_ex.d" -MT"Drivers/STM32F4xx_HAL_Driver/Src/stm32f4xx_hal_pwr_ex.o" --specs=nano.specs -mfpu=fpv4-sp-d16 -mfloat-abi=hard -mthumb -o "Drivers/STM32F4xx_HAL_Driver/Src/stm32f4xx_hal_pwr_ex.o"
arm-none-eabi-gcc "../Drivers/STM32F4xx_HAL_Driver/Src/stm32f4xx_hal_rcc.c" -mcpu=cortex-m4 -std=gnu11 -g3 -DDEBUG -DUSE_HAL_DRIVER -DSTM32F401xE -c -I../Core/Inc -I"/home/marco/eclipse-workspace/myos/project/source/myos/arch/stm32_hal" -I"/home/marco/eclipse-workspace/myos/project/source/myos/portable/lib" -I"/home/marco/eclipse-workspace/myos/project/source/myos/portable/os" -I"/home/marco/eclipse-workspace/myos/project/source/myos/portable/ui/uileds" -I../Drivers/STM32F4xx_HAL_Driver/Inc -I../Drivers/STM32F4xx_HAL_Driver/Inc/Legacy -I../Drivers/CMSIS/Device/ST/STM32F4xx/Include -I../Drivers/CMSIS/Include -Os -ffunction-sections -fdata-sections -Wall -fstack-usage -MMD -MP -MF"Drivers/STM32F4xx_HAL_Driver/Src/stm32f4xx_hal_rcc.d" -MT"Drivers/STM32F4xx_HAL_Driver/Src/stm32f4xx_hal_rcc.o" --specs=nano.specs -mfpu=fpv4-sp-d16 -mfloat-abi=hard -mthumb -o "Drivers/STM32F4xx_HAL_Driver/Src/stm32f4xx_hal_rcc.o"
arm-none-eabi-gcc "../Drivers/STM32F4xx_HAL_Driver/Src/stm32f4xx_hal_rcc_ex.c" -mcpu=cortex-m4 -std=gnu11 -g3 -DDEBUG -DUSE_HAL_DRIVER -DSTM32F401xE -c -I../Core/Inc -I"/home/marco/eclipse-workspace/myos/project/source/myos/arch/stm32_hal" -I"/home/marco/eclipse-workspace/myos/project/source/myos/portable/lib" -I"/home/marco/eclipse-workspace/myos/project/source/myos/portable/os" -I"/home/marco/eclipse-workspace/myos/project/source/myos/portable/ui/uileds" -I../Drivers/STM32F4xx_HAL_Driver/Inc -I../Drivers/STM32F4xx_HAL_Driver/Inc/Legacy -I../Drivers/CMSIS/Device/ST/STM32F4xx/Include -I../Drivers/CMSIS/Include -Os -ffunction-sections -fdata-sections -Wall -fstack-usage -MMD -MP -MF"Drivers/STM32F4xx_HAL_Driver/Src/stm32f4xx_hal_rcc_ex.d" -MT"Drivers/STM32F4xx_HAL_Driver/Src/stm32f4xx_hal_rcc_ex.o" --specs=nano.specs -mfpu=fpv4-sp-d16 -mfloat-abi=hard -mthumb -o "Drivers/STM32F4xx_HAL_Driver/Src/stm32f4xx_hal_rcc_ex.o"
arm-none-eabi-gcc "../Drivers/STM32F4xx_HAL_Driver/Src/stm32f4xx_hal_tim.c" -mcpu=cortex-m4 -std=gnu11 -g3 -DDEBUG -DUSE_HAL_DRIVER -DSTM32F401xE -c -I../Core/Inc -I"/home/marco/eclipse-workspace/myos/project/source/myos/arch/stm32_hal" -I"/home/marco/eclipse-workspace/myos/project/source/myos/portable/lib" -I"/home/marco/eclipse-workspace/myos/project/source/myos/portable/os" -I"/home/marco/eclipse-workspace/myos/project/source/myos/portable/ui/uileds" -I../Drivers/STM32F4xx_HAL_Driver/Inc -I../Drivers/STM32F4xx_HAL_Driver/Inc/Legacy -I../Drivers/CMSIS/Device/ST/STM32F4xx/Include -I../Drivers/CMSIS/Include -Os -ffunction-sections -fdata-sections -Wall -fstack-usage -MMD -MP -MF"Drivers/STM32F4xx_HAL_Driver/Src/stm32f4xx_hal_tim.d" -MT"Drivers/STM32F4xx_HAL_Driver/Src/stm32f4xx_hal_tim.o" --specs=nano.specs -mfpu=fpv4-sp-d16 -mfloat-abi=hard -mthumb -o "Drivers/STM32F4xx_HAL_Driver/Src/stm32f4xx_hal_tim.o"
arm-none-eabi-gcc "../Drivers/STM32F4xx_HAL_Driver/Src/stm32f4xx_hal_tim_ex.c" -mcpu=cortex-m4 -std=gnu11 -g3 -DDEBUG -DUSE_HAL_DRIVER -DSTM32F401xE -c -I../Core/Inc -I"/home/marco/eclipse-workspace/myos/project/source/myos/arch/stm32_hal" -I"/home/marco/eclipse-workspace/myos/project/source/myos/portable/lib" -I"/home/marco/eclipse-workspace/myos/project/source/myos/portable/os" -I"/home/marco/eclipse-workspace/myos/project/source/myos/portable/ui/uileds" -I../Drivers/STM32F4xx_HAL_Driver/Inc -I../Drivers/STM32F4xx_HAL_Driver/Inc/Legacy -I../Drivers/CMSIS/Device/ST/STM32F4xx/Include -I../Drivers/CMSIS/Include -Os -ffunction-sections -fdata-sections -Wall -fstack-usage -MMD -MP -MF"Drivers/STM32F4xx_HAL_Driver/Src/stm32f4xx_hal_tim_ex.d" -MT"Drivers/STM32F4xx_HAL_Driver/Src/stm32f4xx_hal_tim_ex.o" --specs=nano.specs -mfpu=fpv4-sp-d16 -mfloat-abi=hard -mthumb -o "Drivers/STM32F4xx_HAL_Driver/Src/stm32f4xx_hal_tim_ex.o"
arm-none-eabi-gcc -mcpu=cortex-m4 -g3 -c -x assembler-with-cpp -MMD -MP -MF"Core/Startup/startup_stm32f401retx.d" -MT"Core/Startup/startup_stm32f401retx.o" --specs=nano.specs -mfpu=fpv4-sp-d16 -mfloat-abi=hard -mthumb -o "Core/Startup/startup_stm32f401retx.o" "../Core/Startup/startup_stm32f401retx.s"
arm-none-eabi-gcc "../Core/Src/debug.c" -mcpu=cortex-m4 -std=gnu11 -g3 -DDEBUG -DUSE_HAL_DRIVER -DSTM32F401xE -c -I../Core/Inc -I"/home/marco/eclipse-workspace/myos/project/source/myos/arch/stm32_hal" -I"/home/marco/eclipse-workspace/myos/project/source/myos/portable/lib" -I"/home/marco/eclipse-workspace/myos/project/source/myos/portable/os" -I"/home/marco/eclipse-workspace/myos/project/source/myos/portable/ui/uileds" -I../Drivers/STM32F4xx_HAL_Driver/Inc -I../Drivers/STM32F4xx_HAL_Driver/Inc/Legacy -I../Drivers/CMSIS/Device/ST/STM32F4xx/Include -I../Drivers/CMSIS/Include -Os -ffunction-sections -fdata-sections -Wall -fstack-usage -MMD -MP -MF"Core/Src/debug.d" -MT"Core/Src/debug.o" --specs=nano.specs -mfpu=fpv4-sp-d16 -mfloat-abi=hard -mthumb -o "Core/Src/debug.o"
arm-none-eabi-gcc "../Core/Src/main.c" -mcpu=cortex-m4 -std=gnu11 -g3 -DDEBUG -DUSE_HAL_DRIVER -DSTM32F401xE -c -I../Core/Inc -I"/home/marco/eclipse-workspace/myos/project/source/myos/arch/stm32_hal" -I"/home/marco/eclipse-workspace/myos/project/source/myos/portable/lib" -I"/home/marco/eclipse-workspace/myos/project/source/myos/portable/os" -I"/home/marco/eclipse-workspace/myos/project/source/myos/portable/ui/uileds" -I../Drivers/STM32F4xx_HAL_Driver/Inc -I../Drivers/STM32F4xx_HAL_Driver/Inc/Legacy -I../Drivers/CMSIS/Device/ST/STM32F4xx/Include -I../Drivers/CMSIS/Include -Os -ffunction-sections -fdata-sections -Wall -fstack-usage -MMD -MP -MF"Core/Src/main.d" -MT"Core/Src/main.o" --specs=nano.specs -mfpu=fpv4-sp-d16 -mfloat-abi=hard -mthumb -o "Core/Src/main.o"
arm-none-eabi-gcc "../Core/Src/stm32f4xx_hal_msp.c" -mcpu=cortex-m4 -std=gnu11 -g3 -DDEBUG -DUSE_HAL_DRIVER -DSTM32F401xE -c -I../Core/Inc -I"/home/marco/eclipse-workspace/myos/project/source/myos/arch/stm32_hal" -I"/home/marco/eclipse-workspace/myos/project/source/myos/portable/lib" -I"/home/marco/eclipse-workspace/myos/project/source/myos/portable/os" -I"/home/marco/eclipse-workspace/myos/project/source/myos/portable/ui/uileds" -I../Drivers/STM32F4xx_HAL_Driver/Inc -I../Drivers/STM32F4xx_HAL_Driver/Inc/Legacy -I../Drivers/CMSIS/Device/ST/STM32F4xx/Include -I../Drivers/CMSIS/Include -Os -ffunction-sections -fdata-sections -Wall -fstack-usage -MMD -MP -MF"Core/Src/stm32f4xx_hal_msp.d" -MT"Core/Src/stm32f4xx_hal_msp.o" --specs=nano.specs -mfpu=fpv4-sp-d16 -mfloat-abi=hard -mthumb -o "Core/Src/stm32f4xx_hal_msp.o"
arm-none-eabi-gcc "../Core/Src/stm32f4xx_it.c" -mcpu=cortex-m4 -std=gnu11 -g3 -DDEBUG -DUSE_HAL_DRIVER -DSTM32F401xE -c -I../Core/Inc -I"/home/marco/eclipse-workspace/myos/project/source/myos/arch/stm32_hal" -I"/home/marco/eclipse-workspace/myos/project/source/myos/portable/lib" -I"/home/marco/eclipse-workspace/myos/project/source/myos/portable/os" -I"/home/marco/eclipse-workspace/myos/project/source/myos/portable/ui/uileds" -I../Drivers/STM32F4xx_HAL_Driver/Inc -I../Drivers/STM32F4xx_HAL_Driver/Inc/Legacy -I../Drivers/CMSIS/Device/ST/STM32F4xx/Include -I../Drivers/CMSIS/Include -Os -ffunction-sections -fdata-sections -Wall -fstack-usage -MMD -MP -MF"Core/Src/stm32f4xx_it.d" -MT"Core/Src/stm32f4xx_it.o" --specs=nano.specs -mfpu=fpv4-sp-d16 -mfloat-abi=hard -mthumb -o "Core/Src/stm32f4xx_it.o"
arm-none-eabi-gcc "../Core/Src/syscalls.c" -mcpu=cortex-m4 -std=gnu11 -g3 -DDEBUG -DUSE_HAL_DRIVER -DSTM32F401xE -c -I../Core/Inc -I"/home/marco/eclipse-workspace/myos/project/source/myos/arch/stm32_hal" -I"/home/marco/eclipse-workspace/myos/project/source/myos/portable/lib" -I"/home/marco/eclipse-workspace/myos/project/source/myos/portable/os" -I"/home/marco/eclipse-workspace/myos/project/source/myos/portable/ui/uileds" -I../Drivers/STM32F4xx_HAL_Driver/Inc -I../Drivers/STM32F4xx_HAL_Driver/Inc/Legacy -I../Drivers/CMSIS/Device/ST/STM32F4xx/Include -I../Drivers/CMSIS/Include -Os -ffunction-sections -fdata-sections -Wall -fstack-usage -MMD -MP -MF"Core/Src/syscalls.d" -MT"Core/Src/syscalls.o" --specs=nano.specs -mfpu=fpv4-sp-d16 -mfloat-abi=hard -mthumb -o "Core/Src/syscalls.o"
arm-none-eabi-gcc "../Core/Src/sysmem.c" -mcpu=cortex-m4 -std=gnu11 -g3 -DDEBUG -DUSE_HAL_DRIVER -DSTM32F401xE -c -I../Core/Inc -I"/home/marco/eclipse-workspace/myos/project/source/myos/arch/stm32_hal" -I"/home/marco/eclipse-workspace/myos/project/source/myos/portable/lib" -I"/home/marco/eclipse-workspace/myos/project/source/myos/portable/os" -I"/home/marco/eclipse-workspace/myos/project/source/myos/portable/ui/uileds" -I../Drivers/STM32F4xx_HAL_Driver/Inc -I../Drivers/STM32F4xx_HAL_Driver/Inc/Legacy -I../Drivers/CMSIS/Device/ST/STM32F4xx/Include -I../Drivers/CMSIS/Include -Os -ffunction-sections -fdata-sections -Wall -fstack-usage -MMD -MP -MF"Core/Src/sysmem.d" -MT"Core/Src/sysmem.o" --specs=nano.specs -mfpu=fpv4-sp-d16 -mfloat-abi=hard -mthumb -o "Core/Src/sysmem.o"
arm-none-eabi-gcc "../Core/Src/system_stm32f4xx.c" -mcpu=cortex-m4 -std=gnu11 -g3 -DDEBUG -DUSE_HAL_DRIVER -DSTM32F401xE -c -I../Core/Inc -I"/home/marco/eclipse-workspace/myos/project/source/myos/arch/stm32_hal" -I"/home/marco/eclipse-workspace/myos/project/source/myos/portable/lib" -I"/home/marco/eclipse-workspace/myos/project/source/myos/portable/os" -I"/home/marco/eclipse-workspace/myos/project/source/myos/portable/ui/uileds" -I../Drivers/STM32F4xx_HAL_Driver/Inc -I../Drivers/STM32F4xx_HAL_Driver/Inc/Legacy -I../Drivers/CMSIS/Device/ST/STM32F4xx/Include -I../Drivers/CMSIS/Include -Os -ffunction-sections -fdata-sections -Wall -fstack-usage -MMD -MP -MF"Core/Src/system_stm32f4xx.d" -MT"Core/Src/system_stm32f4xx.o" --specs=nano.specs -mfpu=fpv4-sp-d16 -mfloat-abi=hard -mthumb -o "Core/Src/system_stm32f4xx.o"
arm-none-eabi-gcc "../Core/Src/uileds_leds.c" -mcpu=cortex-m4 -std=gnu11 -g3 -DDEBUG -DUSE_HAL_DRIVER -DSTM32F401xE -c -I../Core/Inc -I"/home/marco/eclipse-workspace/myos/project/source/myos/arch/stm32_hal" -I"/home/marco/eclipse-workspace/myos/project/source/myos/portable/lib" -I"/home/marco/eclipse-workspace/myos/project/source/myos/portable/os" -I"/home/marco/eclipse-workspace/myos/project/source/myos/portable/ui/uileds" -I../Drivers/STM32F4xx_HAL_Driver/Inc -I../Drivers/STM32F4xx_HAL_Driver/Inc/Legacy -I../Drivers/CMSIS/Device/ST/STM32F4xx/Include -I../Drivers/CMSIS/Include -Os -ffunction-sections -fdata-sections -Wall -fstack-usage -MMD -MP -MF"Core/Src/uileds_leds.d" -MT"Core/Src/uileds_leds.o" --specs=nano.specs -mfpu=fpv4-sp-d16 -mfloat-abi=hard -mthumb -o "Core/Src/uileds_leds.o"
arm-none-eabi-gcc -o "nucleo-f401re.elf" @"objects.list"   -mcpu=cortex-m4 -T"/home/marco/eclipse-workspace/myos/project/source/platform/STM32CubeIDE/workspace_1.6.1/nucleo-f401re/STM32F401RETX_FLASH.ld" --specs=nosys.specs -Wl,-Map="nucleo-f401re.map" -Wl,--gc-sections -static --specs=nano.specs -mfpu=fpv4-sp-d16 -mfloat-abi=hard -mthumb -Wl,--start-group -lc -lm -Wl,--end-group
Finished building target: nucleo-f401re.elf
 
arm-none-eabi-size   nucleo-f401re.elf 
arm-none-eabi-objdump -h -S  nucleo-f401re.elf  > "nucleo-f401re.list"
arm-none-eabi-objcopy  -O binary  nucleo-f401re.elf  "nucleo-f401re.bin"
   text	   data	    bss	    dec	    hex	filename
   9864	    164	   1796	  11824	   2e30	nucleo-f401re.elf
Finished building: default.size.stdout
 
Finished building: nucleo-f401re.bin
 
Finished building: nucleo-f401re.list
 
13:09:47 **** Clean-only build of configuration Release for project nucleo-f401re ****
make -j4 clean 
rm -rf *
 
13:09:48 **** Incremental Build of configuration Release for project nucleo-f401re ****
make -j4 all 
arm-none-eabi-gcc "/home/marco/eclipse-workspace/myos/project/source/myos/portable/ui/uileds/uileds.c" -mcpu=cortex-m4 -std=gnu11 -g3 -DDEBUG -DUSE_HAL_DRIVER -DSTM32F401xE -c -I../Core/Inc -I"/home/marco/eclipse-workspace/myos/project/source/myos/arch/stm32_hal" -I"/home/marco/eclipse-workspace/myos/project/source/myos/portable/lib" -I"/home/marco/eclipse-workspace/myos/project/source/myos/portable/os" -I"/home/marco/eclipse-workspace/myos/project/source/myos/portable/ui/uileds" -I../Drivers/STM32F4xx_HAL_Driver/Inc -I../Drivers/STM32F4xx_HAL_Driver/Inc/Legacy -I../Drivers/CMSIS/Device/ST/STM32F4xx/Include -I../Drivers/CMSIS/Include -Os -ffunction-sections -fdata-sections -Wall -fstack-usage -MMD -MP -MF"MyOs/portable/ui/uileds/uileds.d" -MT"MyOs/portable/ui/uileds/uileds.o" --specs=nano.specs -mfpu=fpv4-sp-d16 -mfloat-abi=hard -mthumb -o "MyOs/portable/ui/uileds/uileds.o"
arm-none-eabi-gcc "/home/marco/eclipse-workspace/myos/project/source/myos/portable/ui/uileds/uileds_patterns.c" -mcpu=cortex-m4 -std=gnu11 -g3 -DDEBUG -DUSE_HAL_DRIVER -DSTM32F401xE -c -I../Core/Inc -I"/home/marco/eclipse-workspace/myos/project/source/myos/arch/stm32_hal" -I"/home/marco/eclipse-workspace/myos/project/source/myos/portable/lib" -I"/home/marco/eclipse-workspace/myos/project/source/myos/portable/os" -I"/home/marco/eclipse-workspace/myos/project/source/myos/portable/ui/uileds" -I../Drivers/STM32F4xx_HAL_Driver/Inc -I../Drivers/STM32F4xx_HAL_Driver/Inc/Legacy -I../Drivers/CMSIS/Device/ST/STM32F4xx/Include -I../Drivers/CMSIS/Include -Os -ffunction-sections -fdata-sections -Wall -fstack-usage -MMD -MP -MF"MyOs/portable/ui/uileds/uileds_patterns.d" -MT"MyOs/portable/ui/uileds/uileds_patterns.o" --specs=nano.specs -mfpu=fpv4-sp-d16 -mfloat-abi=hard -mthumb -o "MyOs/portable/ui/uileds/uileds_patterns.o"
arm-none-eabi-gcc "/home/marco/eclipse-workspace/myos/project/source/myos/portable/ui/uileds/uileds_process.c" -mcpu=cortex-m4 -std=gnu11 -g3 -DDEBUG -DUSE_HAL_DRIVER -DSTM32F401xE -c -I../Core/Inc -I"/home/marco/eclipse-workspace/myos/project/source/myos/arch/stm32_hal" -I"/home/marco/eclipse-workspace/myos/project/source/myos/portable/lib" -I"/home/marco/eclipse-workspace/myos/project/source/myos/portable/os" -I"/home/marco/eclipse-workspace/myos/project/source/myos/portable/ui/uileds" -I../Drivers/STM32F4xx_HAL_Driver/Inc -I../Drivers/STM32F4xx_HAL_Driver/Inc/Legacy -I../Drivers/CMSIS/Device/ST/STM32F4xx/Include -I../Drivers/CMSIS/Include -Os -ffunction-sections -fdata-sections -Wall -fstack-usage -MMD -MP -MF"MyOs/portable/ui/uileds/uileds_process.d" -MT"MyOs/portable/ui/uileds/uileds_process.o" --specs=nano.specs -mfpu=fpv4-sp-d16 -mfloat-abi=hard -mthumb -o "MyOs/portable/ui/uileds/uileds_process.o"
arm-none-eabi-gcc "/home/marco/eclipse-workspace/myos/project/source/myos/portable/os/ctimer.c" -mcpu=cortex-m4 -std=gnu11 -g3 -DDEBUG -DUSE_HAL_DRIVER -DSTM32F401xE -c -I../Core/Inc -I"/home/marco/eclipse-workspace/myos/project/source/myos/arch/stm32_hal" -I"/home/marco/eclipse-workspace/myos/project/source/myos/portable/lib" -I"/home/marco/eclipse-workspace/myos/project/source/myos/portable/os" -I"/home/marco/eclipse-workspace/myos/project/source/myos/portable/ui/uileds" -I../Drivers/STM32F4xx_HAL_Driver/Inc -I../Drivers/STM32F4xx_HAL_Driver/Inc/Legacy -I../Drivers/CMSIS/Device/ST/STM32F4xx/Include -I../Drivers/CMSIS/Include -Os -ffunction-sections -fdata-sections -Wall -fstack-usage -MMD -MP -MF"MyOs/portable/os/ctimer.d" -MT"MyOs/portable/os/ctimer.o" --specs=nano.specs -mfpu=fpv4-sp-d16 -mfloat-abi=hard -mthumb -o "MyOs/portable/os/ctimer.o"
arm-none-eabi-gcc "/home/marco/eclipse-workspace/myos/project/source/myos/portable/os/etimer.c" -mcpu=cortex-m4 -std=gnu11 -g3 -DDEBUG -DUSE_HAL_DRIVER -DSTM32F401xE -c -I../Core/Inc -I"/home/marco/eclipse-workspace/myos/project/source/myos/arch/stm32_hal" -I"/home/marco/eclipse-workspace/myos/project/source/myos/portable/lib" -I"/home/marco/eclipse-workspace/myos/project/source/myos/portable/os" -I"/home/marco/eclipse-workspace/myos/project/source/myos/portable/ui/uileds" -I../Drivers/STM32F4xx_HAL_Driver/Inc -I../Drivers/STM32F4xx_HAL_Driver/Inc/Legacy -I../Drivers/CMSIS/Device/ST/STM32F4xx/Include -I../Drivers/CMSIS/Include -Os -ffunction-sections -fdata-sections -Wall -fstack-usage -MMD -MP -MF"MyOs/portable/os/etimer.d" -MT"MyOs/portable/os/etimer.o" --specs=nano.specs -mfpu=fpv4-sp-d16 -mfloat-abi=hard -mthumb -o "MyOs/portable/os/etimer.o"
arm-none-eabi-gcc "/home/marco/eclipse-workspace/myos/project/source/myos/portable/os/myos.c" -mcpu=cortex-m4 -std=gnu11 -g3 -DDEBUG -DUSE_HAL_DRIVER -DSTM32F401xE -c -I../Core/Inc -I"/home/marco/eclipse-workspace/myos/project/source/myos/arch/stm32_hal" -I"/home/marco/eclipse-workspace/myos/project/source/myos/portable/lib" -I"/home/marco/eclipse-workspace/myos/project/source/myos/portable/os" -I"/home/marco/eclipse-workspace/myos/project/source/myos/portable/ui/uileds" -I../Drivers/STM32F4xx_HAL_Driver/Inc -I../Drivers/STM32F4xx_HAL_Driver/Inc/Legacy -I../Drivers/CMSIS/Device/ST/STM32F4xx/Include -I../Drivers/CMSIS/Include -Os -ffunction-sections -fdata-sections -Wall -fstack-usage -MMD -MP -MF"MyOs/portable/os/myos.d" -MT"MyOs/portable/os/myos.o" --specs=nano.specs -mfpu=fpv4-sp-d16 -mfloat-abi=hard -mthumb -o "MyOs/portable/os/myos.o"
arm-none-eabi-gcc "/home/marco/eclipse-workspace/myos/project/source/myos/portable/os/process.c" -mcpu=cortex-m4 -std=gnu11 -g3 -DDEBUG -DUSE_HAL_DRIVER -DSTM32F401xE -c -I../Core/Inc -I"/home/marco/eclipse-workspace/myos/project/source/myos/arch/stm32_hal" -I"/home/marco/eclipse-workspace/myos/project/source/myos/portable/lib" -I"/home/marco/eclipse-workspace/myos/project/source/myos/portable/os" -I"/home/marco/eclipse-workspace/myos/project/source/myos/portable/ui/uileds" -I../Drivers/STM32F4xx_HAL_Driver/Inc -I../Drivers/STM32F4xx_HAL_Driver/Inc/Legacy -I../Drivers/CMSIS/Device/ST/STM32F4xx/Include -I../Drivers/CMSIS/Include -Os -ffunction-sections -fdata-sections -Wall -fstack-usage -MMD -MP -MF"MyOs/portable/os/process.d" -MT"MyOs/portable/os/process.o" --specs=nano.specs -mfpu=fpv4-sp-d16 -mfloat-abi=hard -mthumb -o "MyOs/portable/os/process.o"
arm-none-eabi-gcc "/home/marco/eclipse-workspace/myos/project/source/myos/portable/os/ptimer.c" -mcpu=cortex-m4 -std=gnu11 -g3 -DDEBUG -DUSE_HAL_DRIVER -DSTM32F401xE -c -I../Core/Inc -I"/home/marco/eclipse-workspace/myos/project/source/myos/arch/stm32_hal" -I"/home/marco/eclipse-workspace/myos/project/source/myos/portable/lib" -I"/home/marco/eclipse-workspace/myos/project/source/myos/portable/os" -I"/home/marco/eclipse-workspace/myos/project/source/myos/portable/ui/uileds" -I../Drivers/STM32F4xx_HAL_Driver/Inc -I../Drivers/STM32F4xx_HAL_Driver/Inc/Legacy -I../Drivers/CMSIS/Device/ST/STM32F4xx/Include -I../Drivers/CMSIS/Include -Os -ffunction-sections -fdata-sections -Wall -fstack-usage -MMD -MP -MF"MyOs/portable/os/ptimer.d" -MT"MyOs/portable/os/ptimer.o" --specs=nano.specs -mfpu=fpv4-sp-d16 -mfloat-abi=hard -mthumb -o "MyOs/portable/os/ptimer.o"
arm-none-eabi-gcc "/home/marco/eclipse-workspace/myos/project/source/myos/portable/os/rtimer.c" -mcpu=cortex-m4 -std=gnu11 -g3 -DDEBUG -DUSE_HAL_DRIVER -DSTM32F401xE -c -I../Core/Inc -I"/home/marco/eclipse-workspace/myos/project/source/myos/arch/stm32_hal" -I"/home/marco/eclipse-workspace/myos/project/source/myos/portable/lib" -I"/home/marco/eclipse-workspace/myos/project/source/myos/portable/os" -I"/home/marco/eclipse-workspace/myos/project/source/myos/portable/ui/uileds" -I../Drivers/STM32F4xx_HAL_Driver/Inc -I../Drivers/STM32F4xx_HAL_Driver/Inc/Legacy -I../Drivers/CMSIS/Device/ST/STM32F4xx/Include -I../Drivers/CMSIS/Include -Os -ffunction-sections -fdata-sections -Wall -fstack-usage -MMD -MP -MF"MyOs/portable/os/rtimer.d" -MT"MyOs/portable/os/rtimer.o" --specs=nano.specs -mfpu=fpv4-sp-d16 -mfloat-abi=hard -mthumb -o "MyOs/portable/os/rtimer.o"
arm-none-eabi-gcc "/home/marco/eclipse-workspace/myos/project/source/myos/portable/os/timer.c" -mcpu=cortex-m4 -std=gnu11 -g3 -DDEBUG -DUSE_HAL_DRIVER -DSTM32F401xE -c -I../Core/Inc -I"/home/marco/eclipse-workspace/myos/project/source/myos/arch/stm32_hal" -I"/home/marco/eclipse-workspace/myos/project/source/myos/portable/lib" -I"/home/marco/eclipse-workspace/myos/project/source/myos/portable/os" -I"/home/marco/eclipse-workspace/myos/project/source/myos/portable/ui/uileds" -I../Drivers/STM32F4xx_HAL_Driver/Inc -I../Drivers/STM32F4xx_HAL_Driver/Inc/Legacy -I../Drivers/CMSIS/Device/ST/STM32F4xx/Include -I../Drivers/CMSIS/Include -Os -ffunction-sections -fdata-sections -Wall -fstack-usage -MMD -MP -MF"MyOs/portable/os/timer.d" -MT"MyOs/portable/os/timer.o" --specs=nano.specs -mfpu=fpv4-sp-d16 -mfloat-abi=hard -mthumb -o "MyOs/portable/os/timer.o"
arm-none-eabi-gcc "/home/marco/eclipse-workspace/myos/project/source/myos/portable/lib/dlist.c" -mcpu=cortex-m4 -std=gnu11 -g3 -DDEBUG -DUSE_HAL_DRIVER -DSTM32F401xE -c -I../Core/Inc -I"/home/marco/eclipse-workspace/myos/project/source/myos/arch/stm32_hal" -I"/home/marco/eclipse-workspace/myos/project/source/myos/portable/lib" -I"/home/marco/eclipse-workspace/myos/project/source/myos/portable/os" -I"/home/marco/eclipse-workspace/myos/project/source/myos/portable/ui/uileds" -I../Drivers/STM32F4xx_HAL_Driver/Inc -I../Drivers/STM32F4xx_HAL_Driver/Inc/Legacy -I../Drivers/CMSIS/Device/ST/STM32F4xx/Include -I../Drivers/CMSIS/Include -Os -ffunction-sections -fdata-sections -Wall -fstack-usage -MMD -MP -MF"MyOs/portable/lib/dlist.d" -MT"MyOs/portable/lib/dlist.o" --specs=nano.specs -mfpu=fpv4-sp-d16 -mfloat-abi=hard -mthumb -o "MyOs/portable/lib/dlist.o"
arm-none-eabi-gcc "/home/marco/eclipse-workspace/myos/project/source/myos/portable/lib/hash_sdbm.c" -mcpu=cortex-m4 -std=gnu11 -g3 -DDEBUG -DUSE_HAL_DRIVER -DSTM32F401xE -c -I../Core/Inc -I"/home/marco/eclipse-workspace/myos/project/source/myos/arch/stm32_hal" -I"/home/marco/eclipse-workspace/myos/project/source/myos/portable/lib" -I"/home/marco/eclipse-workspace/myos/project/source/myos/portable/os" -I"/home/marco/eclipse-workspace/myos/project/source/myos/portable/ui/uileds" -I../Drivers/STM32F4xx_HAL_Driver/Inc -I../Drivers/STM32F4xx_HAL_Driver/Inc/Legacy -I../Drivers/CMSIS/Device/ST/STM32F4xx/Include -I../Drivers/CMSIS/Include -Os -ffunction-sections -fdata-sections -Wall -fstack-usage -MMD -MP -MF"MyOs/portable/lib/hash_sdbm.d" -MT"MyOs/portable/lib/hash_sdbm.o" --specs=nano.specs -mfpu=fpv4-sp-d16 -mfloat-abi=hard -mthumb -o "MyOs/portable/lib/hash_sdbm.o"
arm-none-eabi-gcc "/home/marco/eclipse-workspace/myos/project/source/myos/portable/lib/itempool.c" -mcpu=cortex-m4 -std=gnu11 -g3 -DDEBUG -DUSE_HAL_DRIVER -DSTM32F401xE -c -I../Core/Inc -I"/home/marco/eclipse-workspace/myos/project/source/myos/arch/stm32_hal" -I"/home/marco/eclipse-workspace/myos/project/source/myos/portable/lib" -I"/home/marco/eclipse-workspace/myos/project/source/myos/portable/os" -I"/home/marco/eclipse-workspace/myos/project/source/myos/portable/ui/uileds" -I../Drivers/STM32F4xx_HAL_Driver/Inc -I../Drivers/STM32F4xx_HAL_Driver/Inc/Legacy -I../Drivers/CMSIS/Device/ST/STM32F4xx/Include -I../Drivers/CMSIS/Include -Os -ffunction-sections -fdata-sections -Wall -fstack-usage -MMD -MP -MF"MyOs/portable/lib/itempool.d" -MT"MyOs/portable/lib/itempool.o" --specs=nano.specs -mfpu=fpv4-sp-d16 -mfloat-abi=hard -mthumb -o "MyOs/portable/lib/itempool.o"
arm-none-eabi-gcc "/home/marco/eclipse-workspace/myos/project/source/myos/portable/lib/slist.c" -mcpu=cortex-m4 -std=gnu11 -g3 -DDEBUG -DUSE_HAL_DRIVER -DSTM32F401xE -c -I../Core/Inc -I"/home/marco/eclipse-workspace/myos/project/source/myos/arch/stm32_hal" -I"/home/marco/eclipse-workspace/myos/project/source/myos/portable/lib" -I"/home/marco/eclipse-workspace/myos/project/source/myos/portable/os" -I"/home/marco/eclipse-workspace/myos/project/source/myos/portable/ui/uileds" -I../Drivers/STM32F4xx_HAL_Driver/Inc -I../Drivers/STM32F4xx_HAL_Driver/Inc/Legacy -I../Drivers/CMSIS/Device/ST/STM32F4xx/Include -I../Drivers/CMSIS/Include -Os -ffunction-sections -fdata-sections -Wall -fstack-usage -MMD -MP -MF"MyOs/portable/lib/slist.d" -MT"MyOs/portable/lib/slist.o" --specs=nano.specs -mfpu=fpv4-sp-d16 -mfloat-abi=hard -mthumb -o "MyOs/portable/lib/slist.o"
arm-none-eabi-gcc "/home/marco/eclipse-workspace/myos/project/source/myos/arch/stm32_hal/timestamp_arch.c" -mcpu=cortex-m4 -std=gnu11 -g3 -DDEBUG -DUSE_HAL_DRIVER -DSTM32F401xE -c -I../Core/Inc -I"/home/marco/eclipse-workspace/myos/project/source/myos/arch/stm32_hal" -I"/home/marco/eclipse-workspace/myos/project/source/myos/portable/lib" -I"/home/marco/eclipse-workspace/myos/project/source/myos/portable/os" -I"/home/marco/eclipse-workspace/myos/project/source/myos/portable/ui/uileds" -I../Drivers/STM32F4xx_HAL_Driver/Inc -I../Drivers/STM32F4xx_HAL_Driver/Inc/Legacy -I../Drivers/CMSIS/Device/ST/STM32F4xx/Include -I../Drivers/CMSIS/Include -Os -ffunction-sections -fdata-sections -Wall -fstack-usage -MMD -MP -MF"MyOs/arch/stm32_hal/timestamp_arch.d" -MT"MyOs/arch/stm32_hal/timestamp_arch.o" --specs=nano.specs -mfpu=fpv4-sp-d16 -mfloat-abi=hard -mthumb -o "MyOs/arch/stm32_hal/timestamp_arch.o"
arm-none-eabi-gcc "../Drivers/STM32F4xx_HAL_Driver/Src/stm32f4xx_hal.c" -mcpu=cortex-m4 -std=gnu11 -g3 -DDEBUG -DUSE_HAL_DRIVER -DSTM32F401xE -c -I../Core/Inc -I"/home/marco/eclipse-workspace/myos/project/source/myos/arch/stm32_hal" -I"/home/marco/eclipse-workspace/myos/project/source/myos/portable/lib" -I"/home/marco/eclipse-workspace/myos/project/source/myos/portable/os" -I"/home/marco/eclipse-workspace/myos/project/source/myos/portable/ui/uileds" -I../Drivers/STM32F4xx_HAL_Driver/Inc -I../Drivers/STM32F4xx_HAL_Driver/Inc/Legacy -I../Drivers/CMSIS/Device/ST/STM32F4xx/Include -I../Drivers/CMSIS/Include -Os -ffunction-sections -fdata-sections -Wall -fstack-usage -MMD -MP -MF"Drivers/STM32F4xx_HAL_Driver/Src/stm32f4xx_hal.d" -MT"Drivers/STM32F4xx_HAL_Driver/Src/stm32f4xx_hal.o" --specs=nano.specs -mfpu=fpv4-sp-d16 -mfloat-abi=hard -mthumb -o "Drivers/STM32F4xx_HAL_Driver/Src/stm32f4xx_hal.o"
arm-none-eabi-gcc "../Drivers/STM32F4xx_HAL_Driver/Src/stm32f4xx_hal_cortex.c" -mcpu=cortex-m4 -std=gnu11 -g3 -DDEBUG -DUSE_HAL_DRIVER -DSTM32F401xE -c -I../Core/Inc -I"/home/marco/eclipse-workspace/myos/project/source/myos/arch/stm32_hal" -I"/home/marco/eclipse-workspace/myos/project/source/myos/portable/lib" -I"/home/marco/eclipse-workspace/myos/project/source/myos/portable/os" -I"/home/marco/eclipse-workspace/myos/project/source/myos/portable/ui/uileds" -I../Drivers/STM32F4xx_HAL_Driver/Inc -I../Drivers/STM32F4xx_HAL_Driver/Inc/Legacy -I../Drivers/CMSIS/Device/ST/STM32F4xx/Include -I../Drivers/CMSIS/Include -Os -ffunction-sections -fdata-sections -Wall -fstack-usage -MMD -MP -MF"Drivers/STM32F4xx_HAL_Driver/Src/stm32f4xx_hal_cortex.d" -MT"Drivers/STM32F4xx_HAL_Driver/Src/stm32f4xx_hal_cortex.o" --specs=nano.specs -mfpu=fpv4-sp-d16 -mfloat-abi=hard -mthumb -o "Drivers/STM32F4xx_HAL_Driver/Src/stm32f4xx_hal_cortex.o"
arm-none-eabi-gcc "../Drivers/STM32F4xx_HAL_Driver/Src/stm32f4xx_hal_dma.c" -mcpu=cortex-m4 -std=gnu11 -g3 -DDEBUG -DUSE_HAL_DRIVER -DSTM32F401xE -c -I../Core/Inc -I"/home/marco/eclipse-workspace/myos/project/source/myos/arch/stm32_hal" -I"/home/marco/eclipse-workspace/myos/project/source/myos/portable/lib" -I"/home/marco/eclipse-workspace/myos/project/source/myos/portable/os" -I"/home/marco/eclipse-workspace/myos/project/source/myos/portable/ui/uileds" -I../Drivers/STM32F4xx_HAL_Driver/Inc -I../Drivers/STM32F4xx_HAL_Driver/Inc/Legacy -I../Drivers/CMSIS/Device/ST/STM32F4xx/Include -I../Drivers/CMSIS/Include -Os -ffunction-sections -fdata-sections -Wall -fstack-usage -MMD -MP -MF"Drivers/STM32F4xx_HAL_Driver/Src/stm32f4xx_hal_dma.d" -MT"Drivers/STM32F4xx_HAL_Driver/Src/stm32f4xx_hal_dma.o" --specs=nano.specs -mfpu=fpv4-sp-d16 -mfloat-abi=hard -mthumb -o "Drivers/STM32F4xx_HAL_Driver/Src/stm32f4xx_hal_dma.o"
arm-none-eabi-gcc "../Drivers/STM32F4xx_HAL_Driver/Src/stm32f4xx_hal_dma_ex.c" -mcpu=cortex-m4 -std=gnu11 -g3 -DDEBUG -DUSE_HAL_DRIVER -DSTM32F401xE -c -I../Core/Inc -I"/home/marco/eclipse-workspace/myos/project/source/myos/arch/stm32_hal" -I"/home/marco/eclipse-workspace/myos/project/source/myos/portable/lib" -I"/home/marco/eclipse-workspace/myos/project/source/myos/portable/os" -I"/home/marco/eclipse-workspace/myos/project/source/myos/portable/ui/uileds" -I../Drivers/STM32F4xx_HAL_Driver/Inc -I../Drivers/STM32F4xx_HAL_Driver/Inc/Legacy -I../Drivers/CMSIS/Device/ST/STM32F4xx/Include -I../Drivers/CMSIS/Include -Os -ffunction-sections -fdata-sections -Wall -fstack-usage -MMD -MP -MF"Drivers/STM32F4xx_HAL_Driver/Src/stm32f4xx_hal_dma_ex.d" -MT"Drivers/STM32F4xx_HAL_Driver/Src/stm32f4xx_hal_dma_ex.o" --specs=nano.specs -mfpu=fpv4-sp-d16 -mfloat-abi=hard -mthumb -o "Drivers/STM32F4xx_HAL_Driver/Src/stm32f4xx_hal_dma_ex.o"
arm-none-eabi-gcc "../Drivers/STM32F4xx_HAL_Driver/Src/stm32f4xx_hal_exti.c" -mcpu=cortex-m4 -std=gnu11 -g3 -DDEBUG -DUSE_HAL_DRIVER -DSTM32F401xE -c -I../Core/Inc -I"/home/marco/eclipse-workspace/myos/project/source/myos/arch/stm32_hal" -I"/home/marco/eclipse-workspace/myos/project/source/myos/portable/lib" -I"/home/marco/eclipse-workspace/myos/project/source/myos/portable/os" -I"/home/marco/eclipse-workspace/myos/project/source/myos/portable/ui/uileds" -I../Drivers/STM32F4xx_HAL_Driver/Inc -I../Drivers/STM32F4xx_HAL_Driver/Inc/Legacy -I../Drivers/CMSIS/Device/ST/STM32F4xx/Include -I../Drivers/CMSIS/Include -Os -ffunction-sections -fdata-sections -Wall -fstack-usage -MMD -MP -MF"Drivers/STM32F4xx_HAL_Driver/Src/stm32f4xx_hal_exti.d" -MT"Drivers/STM32F4xx_HAL_Driver/Src/stm32f4xx_hal_exti.o" --specs=nano.specs -mfpu=fpv4-sp-d16 -mfloat-abi=hard -mthumb -o "Drivers/STM32F4xx_HAL_Driver/Src/stm32f4xx_hal_exti.o"
arm-none-eabi-gcc "../Drivers/STM32F4xx_HAL_Driver/Src/stm32f4xx_hal_flash.c" -mcpu=cortex-m4 -std=gnu11 -g3 -DDEBUG -DUSE_HAL_DRIVER -DSTM32F401xE -c -I../Core/Inc -I"/home/marco/eclipse-workspace/myos/project/source/myos/arch/stm32_hal" -I"/home/marco/eclipse-workspace/myos/project/source/myos/portable/lib" -I"/home/marco/eclipse-workspace/myos/project/source/myos/portable/os" -I"/home/marco/eclipse-workspace/myos/project/source/myos/portable/ui/uileds" -I../Drivers/STM32F4xx_HAL_Driver/Inc -I../Drivers/STM32F4xx_HAL_Driver/Inc/Legacy -I../Drivers/CMSIS/Device/ST/STM32F4xx/Include -I../Drivers/CMSIS/Include -Os -ffunction-sections -fdata-sections -Wall -fstack-usage -MMD -MP -MF"Drivers/STM32F4xx_HAL_Driver/Src/stm32f4xx_hal_flash.d" -MT"Drivers/STM32F4xx_HAL_Driver/Src/stm32f4xx_hal_flash.o" --specs=nano.specs -mfpu=fpv4-sp-d16 -mfloat-abi=hard -mthumb -o "Drivers/STM32F4xx_HAL_Driver/Src/stm32f4xx_hal_flash.o"
arm-none-eabi-gcc "../Drivers/STM32F4xx_HAL_Driver/Src/stm32f4xx_hal_flash_ex.c" -mcpu=cortex-m4 -std=gnu11 -g3 -DDEBUG -DUSE_HAL_DRIVER -DSTM32F401xE -c -I../Core/Inc -I"/home/marco/eclipse-workspace/myos/project/source/myos/arch/stm32_hal" -I"/home/marco/eclipse-workspace/myos/project/source/myos/portable/lib" -I"/home/marco/eclipse-workspace/myos/project/source/myos/portable/os" -I"/home/marco/eclipse-workspace/myos/project/source/myos/portable/ui/uileds" -I../Drivers/STM32F4xx_HAL_Driver/Inc -I../Drivers/STM32F4xx_HAL_Driver/Inc/Legacy -I../Drivers/CMSIS/Device/ST/STM32F4xx/Include -I../Drivers/CMSIS/Include -Os -ffunction-sections -fdata-sections -Wall -fstack-usage -MMD -MP -MF"Drivers/STM32F4xx_HAL_Driver/Src/stm32f4xx_hal_flash_ex.d" -MT"Drivers/STM32F4xx_HAL_Driver/Src/stm32f4xx_hal_flash_ex.o" --specs=nano.specs -mfpu=fpv4-sp-d16 -mfloat-abi=hard -mthumb -o "Drivers/STM32F4xx_HAL_Driver/Src/stm32f4xx_hal_flash_ex.o"
arm-none-eabi-gcc "../Drivers/STM32F4xx_HAL_Driver/Src/stm32f4xx_hal_flash_ramfunc.c" -mcpu=cortex-m4 -std=gnu11 -g3 -DDEBUG -DUSE_HAL_DRIVER -DSTM32F401xE -c -I../Core/Inc -I"/home/marco/eclipse-workspace/myos/project/source/myos/arch/stm32_hal" -I"/home/marco/eclipse-workspace/myos/project/source/myos/portable/lib" -I"/home/marco/eclipse-workspace/myos/project/source/myos/portable/os" -I"/home/marco/eclipse-workspace/myos/project/source/myos/portable/ui/uileds" -I../Drivers/STM32F4xx_HAL_Driver/Inc -I../Drivers/STM32F4xx_HAL_Driver/Inc/Legacy -I../Drivers/CMSIS/Device/ST/STM32F4xx/Include -I../Drivers/CMSIS/Include -Os -ffunction-sections -fdata-sections -Wall -fstack-usage -MMD -MP -MF"Drivers/STM32F4xx_HAL_Driver/Src/stm32f4xx_hal_flash_ramfunc.d" -MT"Drivers/STM32F4xx_HAL_Driver/Src/stm32f4xx_hal_flash_ramfunc.o" --specs=nano.specs -mfpu=fpv4-sp-d16 -mfloat-abi=hard -mthumb -o "Drivers/STM32F4xx_HAL_Driver/Src/stm32f4xx_hal_flash_ramfunc.o"
arm-none-eabi-gcc "../Drivers/STM32F4xx_HAL_Driver/Src/stm32f4xx_hal_gpio.c" -mcpu=cortex-m4 -std=gnu11 -g3 -DDEBUG -DUSE_HAL_DRIVER -DSTM32F401xE -c -I../Core/Inc -I"/home/marco/eclipse-workspace/myos/project/source/myos/arch/stm32_hal" -I"/home/marco/eclipse-workspace/myos/project/source/myos/portable/lib" -I"/home/marco/eclipse-workspace/myos/project/source/myos/portable/os" -I"/home/marco/eclipse-workspace/myos/project/source/myos/portable/ui/uileds" -I../Drivers/STM32F4xx_HAL_Driver/Inc -I../Drivers/STM32F4xx_HAL_Driver/Inc/Legacy -I../Drivers/CMSIS/Device/ST/STM32F4xx/Include -I../Drivers/CMSIS/Include -Os -ffunction-sections -fdata-sections -Wall -fstack-usage -MMD -MP -MF"Drivers/STM32F4xx_HAL_Driver/Src/stm32f4xx_hal_gpio.d" -MT"Drivers/STM32F4xx_HAL_Driver/Src/stm32f4xx_hal_gpio.o" --specs=nano.specs -mfpu=fpv4-sp-d16 -mfloat-abi=hard -mthumb -o "Drivers/STM32F4xx_HAL_Driver/Src/stm32f4xx_hal_gpio.o"
arm-none-eabi-gcc "../Drivers/STM32F4xx_HAL_Driver/Src/stm32f4xx_hal_pwr.c" -mcpu=cortex-m4 -std=gnu11 -g3 -DDEBUG -DUSE_HAL_DRIVER -DSTM32F401xE -c -I../Core/Inc -I"/home/marco/eclipse-workspace/myos/project/source/myos/arch/stm32_hal" -I"/home/marco/eclipse-workspace/myos/project/source/myos/portable/lib" -I"/home/marco/eclipse-workspace/myos/project/source/myos/portable/os" -I"/home/marco/eclipse-workspace/myos/project/source/myos/portable/ui/uileds" -I../Drivers/STM32F4xx_HAL_Driver/Inc -I../Drivers/STM32F4xx_HAL_Driver/Inc/Legacy -I../Drivers/CMSIS/Device/ST/STM32F4xx/Include -I../Drivers/CMSIS/Include -Os -ffunction-sections -fdata-sections -Wall -fstack-usage -MMD -MP -MF"Drivers/STM32F4xx_HAL_Driver/Src/stm32f4xx_hal_pwr.d" -MT"Drivers/STM32F4xx_HAL_Driver/Src/stm32f4xx_hal_pwr.o" --specs=nano.specs -mfpu=fpv4-sp-d16 -mfloat-abi=hard -mthumb -o "Drivers/STM32F4xx_HAL_Driver/Src/stm32f4xx_hal_pwr.o"
arm-none-eabi-gcc "../Drivers/STM32F4xx_HAL_Driver/Src/stm32f4xx_hal_pwr_ex.c" -mcpu=cortex-m4 -std=gnu11 -g3 -DDEBUG -DUSE_HAL_DRIVER -DSTM32F401xE -c -I../Core/Inc -I"/home/marco/eclipse-workspace/myos/project/source/myos/arch/stm32_hal" -I"/home/marco/eclipse-workspace/myos/project/source/myos/portable/lib" -I"/home/marco/eclipse-workspace/myos/project/source/myos/portable/os" -I"/home/marco/eclipse-workspace/myos/project/source/myos/portable/ui/uileds" -I../Drivers/STM32F4xx_HAL_Driver/Inc -I../Drivers/STM32F4xx_HAL_Driver/Inc/Legacy -I../Drivers/CMSIS/Device/ST/STM32F4xx/Include -I../Drivers/CMSIS/Include -Os -ffunction-sections -fdata-sections -Wall -fstack-usage -MMD -MP -MF"Drivers/STM32F4xx_HAL_Driver/Src/stm32f4xx_hal_pwr_ex.d" -MT"Drivers/STM32F4xx_HAL_Driver/Src/stm32f4xx_hal_pwr_ex.o" --specs=nano.specs -mfpu=fpv4-sp-d16 -mfloat-abi=hard -mthumb -o "Drivers/STM32F4xx_HAL_Driver/Src/stm32f4xx_hal_pwr_ex.o"
arm-none-eabi-gcc "../Drivers/STM32F4xx_HAL_Driver/Src/stm32f4xx_hal_rcc.c" -mcpu=cortex-m4 -std=gnu11 -g3 -DDEBUG -DUSE_HAL_DRIVER -DSTM32F401xE -c -I../Core/Inc -I"/home/marco/eclipse-workspace/myos/project/source/myos/arch/stm32_hal" -I"/home/marco/eclipse-workspace/myos/project/source/myos/portable/lib" -I"/home/marco/eclipse-workspace/myos/project/source/myos/portable/os" -I"/home/marco/eclipse-workspace/myos/project/source/myos/portable/ui/uileds" -I../Drivers/STM32F4xx_HAL_Driver/Inc -I../Drivers/STM32F4xx_HAL_Driver/Inc/Legacy -I../Drivers/CMSIS/Device/ST/STM32F4xx/Include -I../Drivers/CMSIS/Include -Os -ffunction-sections -fdata-sections -Wall -fstack-usage -MMD -MP -MF"Drivers/STM32F4xx_HAL_Driver/Src/stm32f4xx_hal_rcc.d" -MT"Drivers/STM32F4xx_HAL_Driver/Src/stm32f4xx_hal_rcc.o" --specs=nano.specs -mfpu=fpv4-sp-d16 -mfloat-abi=hard -mthumb -o "Drivers/STM32F4xx_HAL_Driver/Src/stm32f4xx_hal_rcc.o"
arm-none-eabi-gcc "../Drivers/STM32F4xx_HAL_Driver/Src/stm32f4xx_hal_rcc_ex.c" -mcpu=cortex-m4 -std=gnu11 -g3 -DDEBUG -DUSE_HAL_DRIVER -DSTM32F401xE -c -I../Core/Inc -I"/home/marco/eclipse-workspace/myos/project/source/myos/arch/stm32_hal" -I"/home/marco/eclipse-workspace/myos/project/source/myos/portable/lib" -I"/home/marco/eclipse-workspace/myos/project/source/myos/portable/os" -I"/home/marco/eclipse-workspace/myos/project/source/myos/portable/ui/uileds" -I../Drivers/STM32F4xx_HAL_Driver/Inc -I../Drivers/STM32F4xx_HAL_Driver/Inc/Legacy -I../Drivers/CMSIS/Device/ST/STM32F4xx/Include -I../Drivers/CMSIS/Include -Os -ffunction-sections -fdata-sections -Wall -fstack-usage -MMD -MP -MF"Drivers/STM32F4xx_HAL_Driver/Src/stm32f4xx_hal_rcc_ex.d" -MT"Drivers/STM32F4xx_HAL_Driver/Src/stm32f4xx_hal_rcc_ex.o" --specs=nano.specs -mfpu=fpv4-sp-d16 -mfloat-abi=hard -mthumb -o "Drivers/STM32F4xx_HAL_Driver/Src/stm32f4xx_hal_rcc_ex.o"
arm-none-eabi-gcc "../Drivers/STM32F4xx_HAL_Driver/Src/stm32f4xx_hal_tim.c" -mcpu=cortex-m4 -std=gnu11 -g3 -DDEBUG -DUSE_HAL_DRIVER -DSTM32F401xE -c -I../Core/Inc -I"/home/marco/eclipse-workspace/myos/project/source/myos/arch/stm32_hal" -I"/home/marco/eclipse-workspace/myos/project/source/myos/portable/lib" -I"/home/marco/eclipse-workspace/myos/project/source/myos/portable/os" -I"/home/marco/eclipse-workspace/myos/project/source/myos/portable/ui/uileds" -I../Drivers/STM32F4xx_HAL_Driver/Inc -I../Drivers/STM32F4xx_HAL_Driver/Inc/Legacy -I../Drivers/CMSIS/Device/ST/STM32F4xx/Include -I../Drivers/CMSIS/Include -Os -ffunction-sections -fdata-sections -Wall -fstack-usage -MMD -MP -MF"Drivers/STM32F4xx_HAL_Driver/Src/stm32f4xx_hal_tim.d" -MT"Drivers/STM32F4xx_HAL_Driver/Src/stm32f4xx_hal_tim.o" --specs=nano.specs -mfpu=fpv4-sp-d16 -mfloat-abi=hard -mthumb -o "Drivers/STM32F4xx_HAL_Driver/Src/stm32f4xx_hal_tim.o"
arm-none-eabi-gcc "../Drivers/STM32F4xx_HAL_Driver/Src/stm32f4xx_hal_tim_ex.c" -mcpu=cortex-m4 -std=gnu11 -g3 -DDEBUG -DUSE_HAL_DRIVER -DSTM32F401xE -c -I../Core/Inc -I"/home/marco/eclipse-workspace/myos/project/source/myos/arch/stm32_hal" -I"/home/marco/eclipse-workspace/myos/project/source/myos/portable/lib" -I"/home/marco/eclipse-workspace/myos/project/source/myos/portable/os" -I"/home/marco/eclipse-workspace/myos/project/source/myos/portable/ui/uileds" -I../Drivers/STM32F4xx_HAL_Driver/Inc -I../Drivers/STM32F4xx_HAL_Driver/Inc/Legacy -I../Drivers/CMSIS/Device/ST/STM32F4xx/Include -I../Drivers/CMSIS/Include -Os -ffunction-sections -fdata-sections -Wall -fstack-usage -MMD -MP -MF"Drivers/STM32F4xx_HAL_Driver/Src/stm32f4xx_hal_tim_ex.d" -MT"Drivers/STM32F4xx_HAL_Driver/Src/stm32f4xx_hal_tim_ex.o" --specs=nano.specs -mfpu=fpv4-sp-d16 -mfloat-abi=hard -mthumb -o "Drivers/STM32F4xx_HAL_Driver/Src/stm32f4xx_hal_tim_ex.o"
arm-none-eabi-gcc -mcpu=cortex-m4 -g3 -c -x assembler-with-cpp -MMD -MP -MF"Core/Startup/startup_stm32f401retx.d" -MT"Core/Startup/startup_stm32f401retx.o" --specs=nano.specs -mfpu=fpv4-sp-d16 -mfloat-abi=hard -mthumb -o "Core/Startup/startup_stm32f401retx.o" "../Core/Startup/startup_stm32f401retx.s"
arm-none-eabi-gcc "../Core/Src/debug.c" -mcpu=cortex-m4 -std=gnu11 -g3 -DDEBUG -DUSE_HAL_DRIVER -DSTM32F401xE -c -I../Core/Inc -I"/home/marco/eclipse-workspace/myos/project/source/myos/arch/stm32_hal" -I"/home/marco/eclipse-workspace/myos/project/source/myos/portable/lib" -I"/home/marco/eclipse-workspace/myos/project/source/myos/portable/os" -I"/home/marco/eclipse-workspace/myos/project/source/myos/portable/ui/uileds" -I../Drivers/STM32F4xx_HAL_Driver/Inc -I../Drivers/STM32F4xx_HAL_Driver/Inc/Legacy -I../Drivers/CMSIS/Device/ST/STM32F4xx/Include -I../Drivers/CMSIS/Include -Os -ffunction-sections -fdata-sections -Wall -fstack-usage -MMD -MP -MF"Core/Src/debug.d" -MT"Core/Src/debug.o" --specs=nano.specs -mfpu=fpv4-sp-d16 -mfloat-abi=hard -mthumb -o "Core/Src/debug.o"
arm-none-eabi-gcc "../Core/Src/main.c" -mcpu=cortex-m4 -std=gnu11 -g3 -DDEBUG -DUSE_HAL_DRIVER -DSTM32F401xE -c -I../Core/Inc -I"/home/marco/eclipse-workspace/myos/project/source/myos/arch/stm32_hal" -I"/home/marco/eclipse-workspace/myos/project/source/myos/portable/lib" -I"/home/marco/eclipse-workspace/myos/project/source/myos/portable/os" -I"/home/marco/eclipse-workspace/myos/project/source/myos/portable/ui/uileds" -I../Drivers/STM32F4xx_HAL_Driver/Inc -I../Drivers/STM32F4xx_HAL_Driver/Inc/Legacy -I../Drivers/CMSIS/Device/ST/STM32F4xx/Include -I../Drivers/CMSIS/Include -Os -ffunction-sections -fdata-sections -Wall -fstack-usage -MMD -MP -MF"Core/Src/main.d" -MT"Core/Src/main.o" --specs=nano.specs -mfpu=fpv4-sp-d16 -mfloat-abi=hard -mthumb -o "Core/Src/main.o"
arm-none-eabi-gcc "../Core/Src/stm32f4xx_hal_msp.c" -mcpu=cortex-m4 -std=gnu11 -g3 -DDEBUG -DUSE_HAL_DRIVER -DSTM32F401xE -c -I../Core/Inc -I"/home/marco/eclipse-workspace/myos/project/source/myos/arch/stm32_hal" -I"/home/marco/eclipse-workspace/myos/project/source/myos/portable/lib" -I"/home/marco/eclipse-workspace/myos/project/source/myos/portable/os" -I"/home/marco/eclipse-workspace/myos/project/source/myos/portable/ui/uileds" -I../Drivers/STM32F4xx_HAL_Driver/Inc -I../Drivers/STM32F4xx_HAL_Driver/Inc/Legacy -I../Drivers/CMSIS/Device/ST/STM32F4xx/Include -I../Drivers/CMSIS/Include -Os -ffunction-sections -fdata-sections -Wall -fstack-usage -MMD -MP -MF"Core/Src/stm32f4xx_hal_msp.d" -MT"Core/Src/stm32f4xx_hal_msp.o" --specs=nano.specs -mfpu=fpv4-sp-d16 -mfloat-abi=hard -mthumb -o "Core/Src/stm32f4xx_hal_msp.o"
arm-none-eabi-gcc "../Core/Src/stm32f4xx_it.c" -mcpu=cortex-m4 -std=gnu11 -g3 -DDEBUG -DUSE_HAL_DRIVER -DSTM32F401xE -c -I../Core/Inc -I"/home/marco/eclipse-workspace/myos/project/source/myos/arch/stm32_hal" -I"/home/marco/eclipse-workspace/myos/project/source/myos/portable/lib" -I"/home/marco/eclipse-workspace/myos/project/source/myos/portable/os" -I"/home/marco/eclipse-workspace/myos/project/source/myos/portable/ui/uileds" -I../Drivers/STM32F4xx_HAL_Driver/Inc -I../Drivers/STM32F4xx_HAL_Driver/Inc/Legacy -I../Drivers/CMSIS/Device/ST/STM32F4xx/Include -I../Drivers/CMSIS/Include -Os -ffunction-sections -fdata-sections -Wall -fstack-usage -MMD -MP -MF"Core/Src/stm32f4xx_it.d" -MT"Core/Src/stm32f4xx_it.o" --specs=nano.specs -mfpu=fpv4-sp-d16 -mfloat-abi=hard -mthumb -o "Core/Src/stm32f4xx_it.o"
arm-none-eabi-gcc "../Core/Src/syscalls.c" -mcpu=cortex-m4 -std=gnu11 -g3 -DDEBUG -DUSE_HAL_DRIVER -DSTM32F401xE -c -I../Core/Inc -I"/home/marco/eclipse-workspace/myos/project/source/myos/arch/stm32_hal" -I"/home/marco/eclipse-workspace/myos/project/source/myos/portable/lib" -I"/home/marco/eclipse-workspace/myos/project/source/myos/portable/os" -I"/home/marco/eclipse-workspace/myos/project/source/myos/portable/ui/uileds" -I../Drivers/STM32F4xx_HAL_Driver/Inc -I../Drivers/STM32F4xx_HAL_Driver/Inc/Legacy -I../Drivers/CMSIS/Device/ST/STM32F4xx/Include -I../Drivers/CMSIS/Include -Os -ffunction-sections -fdata-sections -Wall -fstack-usage -MMD -MP -MF"Core/Src/syscalls.d" -MT"Core/Src/syscalls.o" --specs=nano.specs -mfpu=fpv4-sp-d16 -mfloat-abi=hard -mthumb -o "Core/Src/syscalls.o"
arm-none-eabi-gcc "../Core/Src/sysmem.c" -mcpu=cortex-m4 -std=gnu11 -g3 -DDEBUG -DUSE_HAL_DRIVER -DSTM32F401xE -c -I../Core/Inc -I"/home/marco/eclipse-workspace/myos/project/source/myos/arch/stm32_hal" -I"/home/marco/eclipse-workspace/myos/project/source/myos/portable/lib" -I"/home/marco/eclipse-workspace/myos/project/source/myos/portable/os" -I"/home/marco/eclipse-workspace/myos/project/source/myos/portable/ui/uileds" -I../Drivers/STM32F4xx_HAL_Driver/Inc -I../Drivers/STM32F4xx_HAL_Driver/Inc/Legacy -I../Drivers/CMSIS/Device/ST/STM32F4xx/Include -I../Drivers/CMSIS/Include -Os -ffunction-sections -fdata-sections -Wall -fstack-usage -MMD -MP -MF"Core/Src/sysmem.d" -MT"Core/Src/sysmem.o" --specs=nano.specs -mfpu=fpv4-sp-d16 -mfloat-abi=hard -mthumb -o "Core/Src/sysmem.o"
arm-none-eabi-gcc "../Core/Src/system_stm32f4xx.c" -mcpu=cortex-m4 -std=gnu11 -g3 -DDEBUG -DUSE_HAL_DRIVER -DSTM32F401xE -c -I../Core/Inc -I"/home/marco/eclipse-workspace/myos/project/source/myos/arch/stm32_hal" -I"/home/marco/eclipse-workspace/myos/project/source/myos/portable/lib" -I"/home/marco/eclipse-workspace/myos/project/source/myos/portable/os" -I"/home/marco/eclipse-workspace/myos/project/source/myos/portable/ui/uileds" -I../Drivers/STM32F4xx_HAL_Driver/Inc -I../Drivers/STM32F4xx_HAL_Driver/Inc/Legacy -I../Drivers/CMSIS/Device/ST/STM32F4xx/Include -I../Drivers/CMSIS/Include -Os -ffunction-sections -fdata-sections -Wall -fstack-usage -MMD -MP -MF"Core/Src/system_stm32f4xx.d" -MT"Core/Src/system_stm32f4xx.o" --specs=nano.specs -mfpu=fpv4-sp-d16 -mfloat-abi=hard -mthumb -o "Core/Src/system_stm32f4xx.o"
arm-none-eabi-gcc "../Core/Src/uileds_leds.c" -mcpu=cortex-m4 -std=gnu11 -g3 -DDEBUG -DUSE_HAL_DRIVER -DSTM32F401xE -c -I../Core/Inc -I"/home/marco/eclipse-workspace/myos/project/source/myos/arch/stm32_hal" -I"/home/marco/eclipse-workspace/myos/project/source/myos/portable/lib" -I"/home/marco/eclipse-workspace/myos/project/source/myos/portable/os" -I"/home/marco/eclipse-workspace/myos/project/source/myos/portable/ui/uileds" -I../Drivers/STM32F4xx_HAL_Driver/Inc -I../Drivers/STM32F4xx_HAL_Driver/Inc/Legacy -I../Drivers/CMSIS/Device/ST/STM32F4xx/Include -I../Drivers/CMSIS/Include -Os -ffunction-sections -fdata-sections -Wall -fstack-usage -MMD -MP -MF"Core/Src/uileds_leds.d" -MT"Core/Src/uileds_leds.o" --specs=nano.specs -mfpu=fpv4-sp-d16 -mfloat-abi=hard -mthumb -o "Core/Src/uileds_leds.o"
arm-none-eabi-gcc -o "nucleo-f401re.elf" @"objects.list"   -mcpu=cortex-m4 -T"/home/marco/eclipse-workspace/myos/project/source/platform/STM32CubeIDE/workspace_1.6.1/nucleo-f401re/STM32F401RETX_FLASH.ld" --specs=nosys.specs -Wl,-Map="nucleo-f401re.map" -Wl,--gc-sections -static --specs=nano.specs -mfpu=fpv4-sp-d16 -mfloat-abi=hard -mthumb -Wl,--start-group -lc -lm -Wl,--end-group
Finished building target: nucleo-f401re.elf
 
arm-none-eabi-size   nucleo-f401re.elf 
arm-none-eabi-objdump -h -S  nucleo-f401re.elf  > "nucleo-f401re.list"
arm-none-eabi-objcopy  -O binary  nucleo-f401re.elf  "nucleo-f401re.bin"
   text	   data	    bss	    dec	    hex	filename
   9864	    164	   1796	  11824	   2e30	nucleo-f401re.elf
Finished building: default.size.stdout
 
Finished building: nucleo-f401re.bin
 
Finished building: nucleo-f401re.list
 
